# PEPTIDE: IAMASEQ
# AVERAGE: 748.849304 MONO:748.342590# CHARGE: 2
# MAX-ION-CHRAGE: peptide
# NH3 modification: 1
# H2O modification: 0
# ISOTOPE modification: 0
# FLANK modification: 0
m/z	mass	charge	ion-series	peptide-bond-index	NH3	H2O	ISOTOPE	FLANK
147.08	147.08	1	4	1	0	0	0	0
74.04	148.08	2	4	1	0	0	0	0
276.12	276.12	1	4	2	0	0	0	0
138.56	277.13	2	4	2	0	0	0	0
363.15	363.15	1	4	3	0	0	0	0
182.08	364.16	2	4	3	0	0	0	0
434.19	434.19	1	4	4	0	0	0	0
217.60	435.20	2	4	4	0	0	0	0
565.23	565.23	1	4	5	0	0	0	0
283.12	566.24	2	4	5	0	0	0	0
636.27	636.27	1	4	6	0	0	0	0
318.64	637.27	2	4	6	0	0	0	0
164.10	164.10	1	4	1	1	0	0	0
82.56	165.11	2	4	1	1	0	0	0
293.15	293.15	1	4	2	1	0	0	0
147.08	294.15	2	4	2	1	0	0	0
380.18	380.18	1	4	3	1	0	0	0
190.59	381.19	2	4	3	1	0	0	0
451.22	451.22	1	4	4	1	0	0	0
226.11	452.22	2	4	4	1	0	0	0
582.26	582.26	1	4	5	1	0	0	0
291.63	583.26	2	4	5	1	0	0	0
653.29	653.29	1	4	6	1	0	0	0
327.15	654.30	2	4	6	1	0	0	0
