# PEPTIDE: IAMASEQ
# AVERAGE: 748.849304 MONO:748.342590
# CHARGE: 2
# MAX-ION-CHRAGE: peptide
# NH3 modification: 0
# H2O modification: 1
# ISOTOPE modification: 0
# FLANK modification: 0
m/z	mass	charge	ion-series	peptide-bond-index	NH3	H2O	ISOTOPE	FLANK
114.09	114.09	1	1	1	0	0	0	0
57.55	115.10	2	1	1	0	0	0	0
185.13	185.13	1	1	2	0	0	0	0
93.07	186.14	2	1	2	0	0	0	0
316.17	316.17	1	1	3	0	0	0	0
158.59	317.18	2	1	3	0	0	0	0
387.21	387.21	1	1	4	0	0	0	0
194.11	388.21	2	1	4	0	0	0	0
474.24	474.24	1	1	5	0	0	0	0
237.62	475.25	2	1	5	0	0	0	0
603.28	603.28	1	1	6	0	0	0	0
302.14	604.29	2	1	6	0	0	0	0
749.35	749.35	1	6	7	0	0	0	0
375.18	750.36	2	6	7	0	0	0	0
132.10	132.10	1	1	1	0	1	0	0
66.56	133.11	2	1	1	0	1	0	0
203.14	203.14	1	1	2	0	1	0	0
102.07	204.15	2	1	2	0	1	0	0
334.18	334.18	1	1	3	0	1	0	0
167.59	335.19	2	1	3	0	1	0	0
405.22	405.22	1	1	4	0	1	0	0
203.11	406.23	2	1	4	0	1	0	0
492.25	492.25	1	1	5	0	1	0	0
246.63	493.26	2	1	5	0	1	0	0
621.29	621.29	1	1	6	0	1	0	0
311.15	622.30	2	1	6	0	1	0	0
767.36	767.36	1	6	7	0	1	0	0
384.18	768.37	2	6	7	0	1	0	0
