# PROTEIN DATABASE: test.fasta
# OPTIONS:
#	min-mass: 200.00
#	max-mass: 7200.00
#	min-length: 6
#	max-length: 50
#	enzyme: trypsin
#	digestion: full-digest
#	number of allowed missed-cleavages: 0
#	sort: none
#	isotopic mass type: average
#	verbosity: 30
#	use index: FALSE
2332.42	gi|16127996|ref|NP_414543.1|	220	19	ADCCEIWTDVDGVYTCDPR
2219.54	gi|6381999|ref|NP_009311.2|	271	18	AMKPFIEYFNNYQPLSTR
1400.61	gi|16127996|ref|NP_414543.1|	373	11	AMQEEFYLELK
1542.71	gi|16127996|ref|NP_414543.1|	423	15	ANINIVAIAQGSSER
2705.07	gi|6381999|ref|NP_009311.2|	106	22	CFSITFSLEDVLLANYLCTYFK
944.01	gi|16127996|ref|NP_414543.1|	300	8	DEDELPVK
1079.26	gi|6381999|ref|NP_009311.2|	234	9	DSYILDIIK
3060.33	gi|6381999|ref|NP_009311.2|	192	26	EFDLTLNPWLTGFNDADGYFYTGFQK
1326.51	gi|16127996|ref|NP_414543.1|	384	12	EGLLEPLAVTER
1060.32	gi|6381999|ref|NP_009311.2|	319	9	ELMLLQSVK
659.78	gi|6381999|ref|NP_009311.2|	140	6	ELTAVK
1471.65	gi|6381999|ref|NP_009311.2|	153	12	EQEVFMNYINGK
794.95	gi|16127996|ref|NP_414543.1|	416	7	FFAALAR
1108.18	gi|16127996|ref|NP_414543.1|	6	11	FGGTSVANAER
1001.15	gi|6381999|ref|NP_009311.2|	226	8	FHLELSQK
1287.35	gi|6381999|ref|NP_009311.2|	79	10	FLDNYTEEEK
842.01	gi|16127996|ref|NP_414543.1|	197	8	GELVVLGR
1307.47	gi|16127996|ref|NP_414543.1|	142	12	GHNVTVIDPVEK
1955.29	gi|16127996|ref|NP_414543.1|	308	19	GISNLNNMAMFSVSGPGMK
791.98	gi|16127996|ref|NP_414543.1|	327	8	GMVGMAAR
1925.08	gi|6381999|ref|NP_009311.2|	89	17	GYYLSGLFEGDGNIYTR
2544.91	gi|16127996|ref|NP_414543.1|	103	23	HVLHGISLLGQCPDSINAALICR
2269.71	gi|16127996|ref|NP_414543.1|	70	22	IFAELLTGLAAAQPGFPLAQLK
738.89	gi|6381999|ref|NP_009311.2|	128	7	IGHITAK
1902.21	gi|16127996|ref|NP_414543.1|	179	18	IPADHMVLMAGFTAGNEK
1722.91	gi|16127995|ref|NP_414542.1|	4	18	ISTTITTTITITTGNGAG
2962.28	gi|16127996|ref|NP_414543.1|	344	26	ISVVLITQSSSEYSISFCVPQSDCVR
1268.54	gi|16127996|ref|NP_414543.1|	43	11	ITNHLVAMIEK
1230.49	gi|16127996|ref|NP_414543.1|	396	12	LAIISVVGDGMR
1413.80	gi|6381999|ref|NP_009311.2|	307	12	LHMLTNSLLMLK
2074.32	gi|16127996|ref|NP_414543.1|	154	19	LLAVGHYLESTVDIAESTR
2610.32	gi|6382000|ref|NP_009314.2|	1	20	MFMMNNNMFIMFMIMYNVMR
1566.07	gi|6381999|ref|NP_009311.2|	1	13	MLMLLMMILTNNK
1361.68	gi|16127996|ref|NP_414543.1|	129	13	MSIAIMAGVLEAR
758.79	gi|6381999|ref|NP_009311.2|	335	6	NELNNR
1567.71	gi|16127996|ref|NP_414543.1|	205	15	NGSDYSAAVLAACLR
1956.24	gi|6381999|ref|NP_009311.2|	49	16	NLYESIMNNYINILNK
852.03	gi|6381999|ref|NP_009311.2|	328	7	NMSLEMK
774.87	gi|6381999|ref|NP_009311.2|	220	6	NSQWLK
1553.69	gi|16127996|ref|NP_414543.1|	284	16	NTGNPQAPGTLIGASR
1269.46	gi|16127996|ref|NP_414543.1|	30	13	QGQVATVLSAPAK
684.75	gi|16127996|ref|NP_414543.1|	239	6	QVPDAR
1464.81	gi|6381999|ref|NP_009311.2|	292	12	QYLLLNIAYLLK
973.09	gi|6381999|ref|NP_009311.2|	257	9	SGATAYIYK
1646.77	gi|16127996|ref|NP_414543.1|	438	16	SISVVVNNDDATTGVR
1842.07	gi|16127996|ref|NP_414543.1|	248	16	SMSYQEAMELSYFGAK
1325.48	gi|16127996|ref|NP_414543.1|	92	11	TFVDQEFAQIK
587.72	gi|6381999|ref|NP_009311.2|	247	6	TGGILK
889.92	gi|6381999|ref|NP_009311.2|	348	7	THYNNIE
1686.80	gi|16127996|ref|NP_414543.1|	54	16	TISGQDALPNISDAER
1743.11	gi|16127996|ref|NP_414543.1|	269	15	TITPIAQFQIPCLIK
1087.20	gi|16127996|ref|NP_414543.1|	20	10	VADILESNAR
780.94	gi|16127996|ref|NP_414543.1|	335	7	VFAAMSR
3715.40	gi|6381999|ref|NP_009311.2|	14	32	VFMETLYYYLMFNFQLMSPFGVPVPGPAPETK
1495.81	gi|6382000|ref|NP_009314.2|	29	12	VMFTTFYMITNK
3412.99	gi|16127996|ref|NP_414543.1|	454	32	VTHQMLFNTDQVIEVFVIGVGGVGGALLEQLK
862.94	gi|6381999|ref|NP_009311.2|	171	6	YDQYFK
849.06	gi|6382000|ref|NP_009314.2|	41	6	YIYIFM
826.87	gi|6381999|ref|NP_009311.2|	177	6	YNFNNR
865.00	gi|6381999|ref|NP_009311.2|	65	7	YTININK
