# PROTEIN DATABASE: test.fasta
# OPTIONS:
#	min-mass: 200.00
#	max-mass: 7200.00
#	min-length: 6
#	max-length: 50
#	enzyme: trypsin
#	digestion: full-digest
#	number of allowed missed-cleavages: 500
#	sort: length
#	isotopic mass type: average
#	verbosity: 30
#	use index: FALSE
587.72	gi|6381999|ref|NP_009311.2|	247	6	TGGILK
659.78	gi|6381999|ref|NP_009311.2|	140	6	ELTAVK
672.79	gi|16127996|ref|NP_414543.1|	173	6	RIAASR
684.75	gi|16127996|ref|NP_414543.1|	239	6	QVPDAR
758.79	gi|6381999|ref|NP_009311.2|	335	6	NELNNR
774.87	gi|6381999|ref|NP_009311.2|	220	6	NSQWLK
792.98	gi|6381999|ref|NP_009311.2|	165	6	LLTYKR
819.03	gi|6381999|ref|NP_009311.2|	146	6	WNIMKK
826.87	gi|6381999|ref|NP_009311.2|	177	6	YNFNNR
849.06	gi|6382000|ref|NP_009314.2|	41	6	YIYIFM
862.94	gi|6381999|ref|NP_009311.2|	171	6	YDQYFK
738.89	gi|6381999|ref|NP_009311.2|	128	7	IGHITAK
743.90	gi|6381999|ref|NP_009311.2|	247	7	TGGILKR
780.94	gi|16127996|ref|NP_414543.1|	335	7	VFAAMSR
794.95	gi|16127996|ref|NP_414543.1|	416	7	FFAALAR
827.08	gi|6381999|ref|NP_009311.2|	341	7	VKIIINK
843.98	gi|6381999|ref|NP_009311.2|	72	7	DNINKLK
852.03	gi|6381999|ref|NP_009311.2|	328	7	NMSLEMK
865.00	gi|6381999|ref|NP_009311.2|	65	7	YTININK
889.92	gi|6381999|ref|NP_009311.2|	348	7	THYNNIE
947.21	gi|6381999|ref|NP_009311.2|	146	7	WNIMKKK
1019.12	gi|6381999|ref|NP_009311.2|	170	7	RYDQYFK
791.98	gi|16127996|ref|NP_414543.1|	327	8	GMVGMAAR
842.01	gi|16127996|ref|NP_414543.1|	197	8	GELVVLGR
845.01	gi|16127996|ref|NP_414543.1|	408	8	TLRGISAK
944.01	gi|16127996|ref|NP_414543.1|	300	8	DEDELPVK
986.10	gi|6381999|ref|NP_009311.2|	335	8	NELNNRVK
1001.15	gi|6381999|ref|NP_009311.2|	226	8	FHLELSQK
1005.13	gi|6382000|ref|NP_009314.2|	21	8	VNITRCSR
1040.19	gi|6381999|ref|NP_009311.2|	218	8	HKNSQWLK
973.09	gi|6381999|ref|NP_009311.2|	257	9	SGATAYIYK
1008.21	gi|16127996|ref|NP_414543.1|	335	9	VFAAMSRAR
1026.24	gi|6381999|ref|NP_009311.2|	244	9	YFKTGGILK
1039.24	gi|16127996|ref|NP_414543.1|	239	9	QVPDARLLK
1060.32	gi|6381999|ref|NP_009311.2|	319	9	ELMLLQSVK
1066.40	gi|6381999|ref|NP_009311.2|	183	9	LNIKLLKPK
1079.26	gi|6381999|ref|NP_009311.2|	234	9	DSYILDIIK
1087.20	gi|16127996|ref|NP_414543.1|	20	10	VADILESNAR
1150.34	gi|6381999|ref|NP_009311.2|	247	10	TGGILKRDYK
1154.42	gi|6381999|ref|NP_009311.2|	243	10	KYFKTGGILK
1182.43	gi|6381999|ref|NP_009311.2|	244	10	YFKTGGILKR
1207.43	gi|6381999|ref|NP_009311.2|	234	10	DSYILDIIKK
1287.35	gi|6381999|ref|NP_009311.2|	79	10	FLDNYTEEEK
1295.46	gi|6381999|ref|NP_009311.2|	177	10	YNFNNRLNIK
1108.18	gi|16127996|ref|NP_414543.1|	6	11	FGGTSVANAER
1268.54	gi|16127996|ref|NP_414543.1|	43	11	ITNHLVAMIEK
1310.61	gi|6381999|ref|NP_009311.2|	243	11	KYFKTGGILKR
1325.48	gi|16127996|ref|NP_414543.1|	92	11	TFVDQEFAQIK
1326.52	gi|6381999|ref|NP_009311.2|	135	11	YNFNKELTAVK
1332.62	gi|6381999|ref|NP_009311.2|	140	11	ELTAVKWNIMK
1400.61	gi|16127996|ref|NP_414543.1|	373	11	AMQEEFYLELK
1230.49	gi|16127996|ref|NP_414543.1|	396	12	LAIISVVGDGMR
1251.49	gi|16127996|ref|NP_414543.1|	411	12	GISAKFFAALAR
1307.47	gi|16127996|ref|NP_414543.1|	142	12	GHNVTVIDPVEK
1326.51	gi|16127996|ref|NP_414543.1|	384	12	EGLLEPLAVTER
1379.53	gi|6381999|ref|NP_009311.2|	254	12	DYKSGATAYIYK
1405.62	gi|6381999|ref|NP_009311.2|	128	12	IGHITAKYNFNK
1413.80	gi|6381999|ref|NP_009311.2|	307	12	LHMLTNSLLMLK
1449.63	gi|6381999|ref|NP_009311.2|	65	12	YTININKDNINK
1460.80	gi|6381999|ref|NP_009311.2|	140	12	ELTAVKWNIMKK
1464.81	gi|6381999|ref|NP_009311.2|	292	12	QYLLLNIAYLLK
1471.65	gi|6381999|ref|NP_009311.2|	153	12	EQEVFMNYINGK
1471.68	gi|6381999|ref|NP_009311.2|	343	12	IIINKTHYNNIE
1495.81	gi|6382000|ref|NP_009314.2|	29	12	VMFTTFYMITNK
1528.68	gi|6381999|ref|NP_009311.2|	77	12	LKFLDNYTEEEK
1637.90	gi|6381999|ref|NP_009311.2|	165	12	LLTYKRYDQYFK
1671.79	gi|6381999|ref|NP_009311.2|	171	12	YDQYFKYNFNNR
1269.46	gi|16127996|ref|NP_414543.1|	30	13	QGQVATVLSAPAK
1361.68	gi|16127996|ref|NP_414543.1|	129	13	MSIAIMAGVLEAR
1503.72	gi|16127996|ref|NP_414543.1|	17	13	FLRVADILESNAR
1535.72	gi|6381999|ref|NP_009311.2|	253	13	RDYKSGATAYIYK
1566.07	gi|6381999|ref|NP_009311.2|	1	13	MLMLLMMILTNNK
1567.85	gi|6381999|ref|NP_009311.2|	335	13	NELNNRVKIIINK
1588.87	gi|6381999|ref|NP_009311.2|	244	13	YFKTGGILKRDYK
1588.97	gi|6381999|ref|NP_009311.2|	140	13	ELTAVKWNIMKKK
1592.81	gi|6381999|ref|NP_009311.2|	328	13	NMSLEMKNELNNR
1599.82	gi|6381999|ref|NP_009311.2|	152	13	KEQEVFMNYINGK
1645.96	gi|6381999|ref|NP_009311.2|	234	13	DSYILDIIKKYFK
1827.98	gi|6381999|ref|NP_009311.2|	170	13	RYDQYFKYNFNNR
1448.64	gi|16127996|ref|NP_414543.1|	3	14	VLKFGGTSVANAER
1474.63	gi|6381999|ref|NP_009311.2|	257	14	SGATAYIYKAQSSK
1524.70	gi|16127996|ref|NP_414543.1|	6	14	FGGTSVANAERFLR
1690.96	gi|6381999|ref|NP_009311.2|	65	14	YTININKDNINKLK
1698.98	gi|6381999|ref|NP_009311.2|	341	14	VKIIINKTHYNNIE
1717.04	gi|6381999|ref|NP_009311.2|	243	14	KYFKTGGILKRDYK
1728.00	gi|6381999|ref|NP_009311.2|	151	14	KKEQEVFMNYINGK
1756.16	gi|6381999|ref|NP_009311.2|	290	14	YKQYLLLNIAYLLK
1756.99	gi|16127996|ref|NP_414543.1|	370	14	AERAMQEEFYLELK
1758.01	gi|6381999|ref|NP_009311.2|	220	14	NSQWLKFHLELSQK
1542.71	gi|16127996|ref|NP_414543.1|	423	15	ANINIVAIAQGSSER
1554.91	gi|16127996|ref|NP_414543.1|	327	15	GMVGMAARVFAAMSR
1567.71	gi|16127996|ref|NP_414543.1|	205	15	NGSDYSAAVLAACLR
1600.94	gi|16127996|ref|NP_414543.1|	396	15	LAIISVVGDGMRTLR
1621.95	gi|16127996|ref|NP_414543.1|	408	15	TLRGISAKFFAALAR
1743.11	gi|16127996|ref|NP_414543.1|	269	15	TITPIAQFQIPCLIK
1769.24	gi|6381999|ref|NP_009311.2|	304	15	LNKLHMLTNSLLMLK
1820.11	gi|6381999|ref|NP_009311.2|	328	15	NMSLEMKNELNNRVK
1820.25	gi|6381999|ref|NP_009311.2|	292	15	QYLLLNIAYLLKLNK
1875.25	gi|6381999|ref|NP_009311.2|	177	15	YNFNNRLNIKLLKPK
1899.24	gi|6382000|ref|NP_009314.2|	26	15	CSRVMFTTFYMITNK
1912.35	gi|6381999|ref|NP_009311.2|	289	15	RYKQYLLLNIAYLLK
1553.69	gi|16127996|ref|NP_414543.1|	284	16	NTGNPQAPGTLIGASR
1646.77	gi|16127996|ref|NP_414543.1|	438	16	SISVVVNNDDATTGVR
1676.02	gi|16127996|ref|NP_414543.1|	126	16	GEKMSIAIMAGVLEAR
1686.80	gi|16127996|ref|NP_414543.1|	54	16	TISGQDALPNISDAER
1736.02	gi|16127996|ref|NP_414543.1|	1	16	MRVLKFGGTSVANAER
1842.07	gi|16127996|ref|NP_414543.1|	248	16	SMSYQEAMELSYFGAK
1894.33	gi|6381999|ref|NP_009311.2|	319	16	ELMLLQSVKNMSLEMK
1956.24	gi|6381999|ref|NP_009311.2|	49	16	NLYESIMNNYINILNK
1999.36	gi|6381999|ref|NP_009311.2|	135	16	YNFNKELTAVKWNIMK
2023.32	gi|6381999|ref|NP_009311.2|	218	16	HKNSQWLKFHLELSQK
2140.39	gi|6381999|ref|NP_009311.2|	171	16	YDQYFKYNFNNRLNIK
1782.17	gi|16127996|ref|NP_414543.1|	327	17	GMVGMAARVFAAMSRAR
1865.17	gi|16127996|ref|NP_414543.1|	3	17	VLKFGGTSVANAERFLR
1881.07	gi|6381999|ref|NP_009311.2|	254	17	DYKSGATAYIYKAQSSK
1925.08	gi|6381999|ref|NP_009311.2|	89	17	GYYLSGLFEGDGNIYTR
2062.39	gi|6381999|ref|NP_009311.2|	226	17	FHLELSQKDSYILDIIK
2090.42	gi|6381999|ref|NP_009311.2|	153	17	EQEVFMNYINGKLLTYK
2111.60	gi|6381999|ref|NP_009311.2|	290	17	YKQYLLLNIAYLLKLNK
2113.31	gi|6381999|ref|NP_009311.2|	72	17	DNINKLKFLDNYTEEEK
2127.53	gi|6381999|ref|NP_009311.2|	135	17	YNFNKELTAVKWNIMKK
2296.57	gi|6381999|ref|NP_009311.2|	170	17	RYDQYFKYNFNNRLNIK
1722.91	gi|16127995|ref|NP_414542.1|	4	18	ISTTITTTITITTGNGAG
1902.21	gi|16127996|ref|NP_414543.1|	179	18	IPADHMVLMAGFTAGNEK
2037.26	gi|6381999|ref|NP_009311.2|	253	18	RDYKSGATAYIYKAQSSK
2047.38	gi|6381999|ref|NP_009311.2|	128	18	IGHITAKYNFNKELTAVK
2190.57	gi|6381999|ref|NP_009311.2|	226	18	FHLELSQKDSYILDIIKK
2218.60	gi|6381999|ref|NP_009311.2|	152	18	KEQEVFMNYINGKLLTYK
2219.54	gi|6381999|ref|NP_009311.2|	271	18	AMKPFIEYFNNYQPLSTR
2246.61	gi|6381999|ref|NP_009311.2|	153	18	EQEVFMNYINGKLLTYKR
2255.71	gi|6381999|ref|NP_009311.2|	135	18	YNFNKELTAVKWNIMKKK
2267.79	gi|6381999|ref|NP_009311.2|	289	18	RYKQYLLLNIAYLLKLNK
2326.85	gi|6382000|ref|NP_009314.2|	29	18	VMFTTFYMITNKYIYIFM
2446.75	gi|6381999|ref|NP_009311.2|	165	18	LLTYKRYDQYFKYNFNNR
1879.10	gi|16127995|ref|NP_414542.1|	3	19	RISTTITTTITITTGNGAG
1955.29	gi|16127996|ref|NP_414543.1|	308	19	GISNLNNMAMFSVSGPGMK
2074.32	gi|16127996|ref|NP_414543.1|	154	19	LLAVGHYLESTVDIAESTR
2105.42	gi|6381999|ref|NP_009311.2|	247	19	TGGILKRDYKSGATAYIYK
2152.55	gi|16127996|ref|NP_414543.1|	1	19	MRVLKFGGTSVANAERFLR
2196.56	gi|16127996|ref|NP_414543.1|	245	19	LLKSMSYQEAMELSYFGAK
2215.66	gi|6381999|ref|NP_009311.2|	234	19	DSYILDIIKKYFKTGGILK
2312.67	gi|6381999|ref|NP_009311.2|	46	19	DIKNLYESIMNNYINILNK
2332.42	gi|16127996|ref|NP_414543.1|	220	19	ADCCEIWTDVDGVYTCDPR
2346.77	gi|6381999|ref|NP_009311.2|	151	19	KKEQEVFMNYINGKLLTYK
2374.78	gi|6381999|ref|NP_009311.2|	152	19	KEQEVFMNYINGKLLTYKR
2375.73	gi|6381999|ref|NP_009311.2|	271	19	AMKPFIEYFNNYQPLSTRR
2400.84	gi|6381999|ref|NP_009311.2|	146	19	WNIMKKKEQEVFMNYINGK
2057.48	gi|16127996|ref|NP_414543.1|	396	20	LAIISVVGDGMRTLRGISAK
2230.51	gi|16127996|ref|NP_414543.1|	154	20	LLAVGHYLESTVDIAESTRR
2345.84	gi|16127996|ref|NP_414543.1|	264	20	VLHPRTITPIAQFQIPCLIK
2371.85	gi|6381999|ref|NP_009311.2|	234	20	DSYILDIIKKYFKTGGILKR
2401.87	gi|6381999|ref|NP_009311.2|	328	20	NMSLEMKNELNNRVKIIINK
2439.76	gi|6381999|ref|NP_009311.2|	335	20	NELNNRVKIIINKTHYNNIE
2482.93	gi|6382000|ref|NP_009314.2|	21	20	VNITRCSRVMFTTFYMITNK
2502.96	gi|6381999|ref|NP_009311.2|	151	20	KKEQEVFMNYINGKLLTYKR
2610.32	gi|6382000|ref|NP_009314.2|	1	20	MFMMNNNMFIMFMIMYNVMR
2138.46	gi|16127995|ref|NP_414542.1|	1	21	MKRISTTITTTITITTGNGAG
2444.81	gi|16127996|ref|NP_414543.1|	248	21	SMSYQEAMELSYFGAKVLHPR
2456.10	gi|6381999|ref|NP_009311.2|	307	21	LHMLTNSLLMLKELMLLQSVK
2629.09	gi|6381999|ref|NP_009311.2|	226	21	FHLELSQKDSYILDIIKKYFK
2667.08	gi|6381999|ref|NP_009311.2|	271	21	AMKPFIEYFNNYQPLSTRRYK
2720.17	gi|6381999|ref|NP_009311.2|	171	21	YDQYFKYNFNNRLNIKLLKPK
2730.28	gi|6382000|ref|NP_009314.2|	26	21	CSRVMFTTFYMITNKYIYIFM
2269.71	gi|16127996|ref|NP_414543.1|	70	22	IFAELLTGLAAAQPGFPLAQLK
2319.65	gi|16127996|ref|NP_414543.1|	416	22	FFAALARANINIVAIAQGSSER
2543.95	gi|6381999|ref|NP_009311.2|	244	22	YFKTGGILKRDYKSGATAYIYK
2635.11	gi|6381999|ref|NP_009311.2|	319	22	ELMLLQSVKNMSLEMKNELNNR
2705.07	gi|6381999|ref|NP_009311.2|	106	22	CFSITFSLEDVLLANYLCTYFK
2876.36	gi|6381999|ref|NP_009311.2|	170	22	RYDQYFKYNFNNRLNIKLLKPK
2915.35	gi|6381999|ref|NP_009311.2|	165	22	LLTYKRYDQYFKYNFNNRLNIK
2338.65	gi|16127996|ref|NP_414543.1|	20	23	VADILESNARQGQVATVLSAPAK
2391.70	gi|16127996|ref|NP_414543.1|	197	23	GELVVLGRNGSDYSAAVLAACLR
2400.80	gi|16127996|ref|NP_414543.1|	174	23	IAASRIPADHMVLMAGFTAGNEK
2544.91	gi|16127996|ref|NP_414543.1|	103	23	HVLHGISLLGQCPDSINAALICR
2672.12	gi|6381999|ref|NP_009311.2|	243	23	KYFKTGGILKRDYKSGATAYIYK
2709.11	gi|16127996|ref|NP_414543.1|	373	23	AMQEEFYLELKEGLLEPLAVTER
2720.23	gi|6381999|ref|NP_009311.2|	128	23	IGHITAKYNFNKELTAVKWNIMK
2721.08	gi|6381999|ref|NP_009311.2|	266	23	AQSSKAMKPFIEYFNNYQPLSTR
2778.29	gi|6381999|ref|NP_009311.2|	234	23	DSYILDIIKKYFKTGGILKRDYK
2803.23	gi|6381999|ref|NP_009311.2|	49	23	NLYESIMNNYINILNKYTININK
2819.25	gi|6381999|ref|NP_009311.2|	220	23	NSQWLKFHLELSQKDSYILDIIK
2479.69	gi|16127996|ref|NP_414543.1|	284	24	NTGNPQAPGTLIGASRDEDELPVK
2519.99	gi|16127996|ref|NP_414543.1|	30	24	QGQVATVLSAPAKITNHLVAMIEK
2538.99	gi|16127996|ref|NP_414543.1|	384	24	EGLLEPLAVTERLAIISVVGDGMR
2556.98	gi|16127996|ref|NP_414543.1|	173	24	RIAASRIPADHMVLMAGFTAGNEK
2593.88	gi|16127996|ref|NP_414543.1|	6	24	FGGTSVANAERFLRVADILESNAR
2606.96	gi|6381999|ref|NP_009311.2|	247	24	TGGILKRDYKSGATAYIYKAQSSK
2799.30	gi|16127996|ref|NP_414543.1|	245	24	LLKSMSYQEAMELSYFGAKVLHPR
2811.54	gi|6381999|ref|NP_009311.2|	304	24	LNKLHMLTNSLLMLKELMLLQSVK
2848.40	gi|6381999|ref|NP_009311.2|	128	24	IGHITAKYNFNKELTAVKWNIMKK
2862.41	gi|6381999|ref|NP_009311.2|	319	24	ELMLLQSVKNMSLEMKNELNNRVK
2877.27	gi|6381999|ref|NP_009311.2|	266	24	AQSSKAMKPFIEYFNNYQPLSTRR
2947.43	gi|6381999|ref|NP_009311.2|	220	24	NSQWLKFHLELSQKDSYILDIIKK
2960.29	gi|6381999|ref|NP_009311.2|	65	24	YTININKDNINKLKFLDNYTEEEK
3019.61	gi|6381999|ref|NP_009311.2|	146	24	WNIMKKKEQEVFMNYINGKLLTYK
3091.53	gi|6381999|ref|NP_009311.2|	153	24	EQEVFMNYINGKLLTYKRYDQYFK
2651.13	gi|16127996|ref|NP_414543.1|	129	25	MSIAIMAGVLEARGHNVTVIDPVEK
2729.09	gi|16127996|ref|NP_414543.1|	154	25	LLAVGHYLESTVDIAESTRRIAASR
2863.30	gi|16127996|ref|NP_414543.1|	239	25	QVPDARLLKSMSYQEAMELSYFGAK
2976.58	gi|6381999|ref|NP_009311.2|	128	25	IGHITAKYNFNKELTAVKWNIMKKK
2999.16	gi|16127996|ref|NP_414543.1|	220	25	ADCCEIWTDVDGVYTCDPRQVPDAR
3042.60	gi|6381999|ref|NP_009311.2|	140	25	ELTAVKWNIMKKKEQEVFMNYINGK
3084.57	gi|6381999|ref|NP_009311.2|	218	25	HKNSQWLKFHLELSQKDSYILDIIK
3175.80	gi|6381999|ref|NP_009311.2|	146	25	WNIMKKKEQEVFMNYINGKLLTYKR
3194.00	gi|6382000|ref|NP_009314.2|	1	25	MFMMNNNMFIMFMIMYNVMRVNITR
3219.71	gi|6381999|ref|NP_009311.2|	152	25	KEQEVFMNYINGKLLTYKRYDQYFK
2726.20	gi|16127996|ref|NP_414543.1|	179	26	IPADHMVLMAGFTAGNEKGELVVLGR
2755.17	gi|16127996|ref|NP_414543.1|	17	26	FLRVADILESNARQGQVATVLSAPAK
2859.25	gi|16127996|ref|NP_414543.1|	103	26	HVLHGISLLGQCPDSINAALICRGEK
2962.28	gi|16127996|ref|NP_414543.1|	344	26	ISVVLITQSSSEYSISFCVPQSDCVR
3060.33	gi|6381999|ref|NP_009311.2|	192	26	EFDLTLNPWLTGFNDADGYFYTGFQK
3065.49	gi|16127996|ref|NP_414543.1|	370	26	AERAMQEEFYLELKEGLLEPLAVTER
3159.65	gi|6381999|ref|NP_009311.2|	46	26	DIKNLYESIMNNYINILNKYTININK
3168.62	gi|6381999|ref|NP_009311.2|	266	26	AQSSKAMKPFIEYFNNYQPLSTRRYK
3212.74	gi|6381999|ref|NP_009311.2|	218	26	HKNSQWLKFHLELSQKDSYILDIIKK
3313.97	gi|6382000|ref|NP_009314.2|	21	26	VNITRCSRVMFTTFYMITNKYIYIFM
3347.88	gi|6381999|ref|NP_009311.2|	151	26	KKEQEVFMNYINGKLLTYKRYDQYFK
2729.26	gi|16127996|ref|NP_414543.1|	308	27	GISNLNNMAMFSVSGPGMKGMVGMAAR
2776.19	gi|16127996|ref|NP_414543.1|	411	27	GISAKFFAALARANINIVAIAQGSSER
2834.42	gi|16127996|ref|NP_414543.1|	396	27	LAIISVVGDGMRTLRGISAKFFAALAR
2881.28	gi|16127996|ref|NP_414543.1|	300	27	DEDELPVKGISNLNNMAMFSVSGPGMK
2909.44	gi|16127996|ref|NP_414543.1|	384	27	EGLLEPLAVTERLAIISVVGDGMRTLR
2934.35	gi|16127996|ref|NP_414543.1|	3	27	VLKFGGTSVANAERFLRVADILESNAR
2937.32	gi|16127996|ref|NP_414543.1|	43	27	ITNHLVAMIEKTISGQDALPNISDAER
3045.49	gi|6381999|ref|NP_009311.2|	244	27	YFKTGGILKRDYKSGATAYIYKAQSSK
3194.41	gi|6381999|ref|NP_009311.2|	79	27	FLDNYTEEEKGYYLSGLFEGDGNIYTR
3198.80	gi|6381999|ref|NP_009311.2|	226	27	FHLELSQKDSYILDIIKKYFKTGGILK
3216.03	gi|6381999|ref|NP_009311.2|	292	27	QYLLLNIAYLLKLNKLHMLTNSLLMLK
3273.77	gi|6381999|ref|NP_009311.2|	328	27	NMSLEMKNELNNRVKIIINKTHYNNIE
3385.95	gi|6381999|ref|NP_009311.2|	220	27	NSQWLKFHLELSQKDSYILDIIKKYFK
3495.13	gi|6381999|ref|NP_009311.2|	165	27	LLTYKRYDQYFKYNFNNRLNIKLLKPK
2965.48	gi|16127996|ref|NP_414543.1|	126	28	GEKMSIAIMAGVLEARGHNVTVIDPVEK
3173.66	gi|6381999|ref|NP_009311.2|	243	28	KYFKTGGILKRDYKSGATAYIYKAQSSK
3189.54	gi|16127996|ref|NP_414543.1|	342	28	ARISVVLITQSSSEYSISFCVPQSDCVR
3290.12	gi|6381999|ref|NP_009311.2|	307	28	LHMLTNSLLMLKELMLLQSVKNMSLEMK
3325.64	gi|6381999|ref|NP_009311.2|	192	28	EFDLTLNPWLTGFNDADGYFYTGFQKHK
3353.65	gi|16127996|ref|NP_414543.1|	220	28	ADCCEIWTDVDGVYTCDPRQVPDARLLK
3354.98	gi|6381999|ref|NP_009311.2|	226	28	FHLELSQKDSYILDIIKKYFKTGGILKR
3387.85	gi|6381999|ref|NP_009311.2|	49	28	NLYESIMNNYINILNKYTININKDNINK
3597.43	gi|6382000|ref|NP_009314.2|	1	28	MFMMNNNMFIMFMIMYNVMRVNITRCSR
3221.73	gi|16127996|ref|NP_414543.1|	1	29	MRVLKFGGTSVANAERFLRVADILESNAR
3318.66	gi|16127996|ref|NP_414543.1|	344	29	ISVVLITQSSSEYSISFCVPQSDCVRAER
3425.94	gi|6381999|ref|NP_009311.2|	106	29	CFSITFSLEDVLLANYLCTYFKIGHITAK
3435.75	gi|6381999|ref|NP_009311.2|	77	29	LKFLDNYTEEEKGYYLSGLFEGDGNIYTR
3444.17	gi|6381999|ref|NP_009311.2|	319	29	ELMLLQSVKNMSLEMKNELNNRVKIIINK
3507.38	gi|6381999|ref|NP_009311.2|	290	29	YKQYLLLNIAYLLKLNKLHMLTNSLLMLK
3651.27	gi|6381999|ref|NP_009311.2|	218	29	HKNSQWLKFHLELSQKDSYILDIIKKYFK
3146.64	gi|16127996|ref|NP_414543.1|	408	30	TLRGISAKFFAALARANINIVAIAQGSSER
3466.03	gi|16127996|ref|NP_414543.1|	239	30	QVPDARLLKSMSYQEAMELSYFGAKVLHPR
3629.19	gi|6381999|ref|NP_009311.2|	49	30	NLYESIMNNYINILNKYTININKDNINKLK
3661.38	gi|6381999|ref|NP_009311.2|	140	30	ELTAVKWNIMKKKEQEVFMNYINGKLLTYK
3663.57	gi|6381999|ref|NP_009311.2|	289	30	RYKQYLLLNIAYLLKLNKLHMLTNSLLMLK
3709.34	gi|6381999|ref|NP_009311.2|	135	30	YNFNKELTAVKWNIMKKKEQEVFMNYINGK
3900.38	gi|6381999|ref|NP_009311.2|	153	30	EQEVFMNYINGKLLTYKRYDQYFKYNFNNR
3171.47	gi|16127996|ref|NP_414543.1|	423	31	ANINIVAIAQGSSERSISVVVNNDDATTGVR
3224.79	gi|16127996|ref|NP_414543.1|	174	31	IAASRIPADHMVLMAGFTAGNEKGELVVLGR
3278.79	gi|16127996|ref|NP_414543.1|	269	31	TITPIAQFQIPCLIKNTGNPQAPGTLIGASR
3363.77	gi|16127996|ref|NP_414543.1|	142	31	GHNVTVIDPVEKLLAVGHYLESTVDIAESTR
3545.93	gi|16127996|ref|NP_414543.1|	342	31	ARISVVLITQSSSEYSISFCVPQSDCVRAER
3640.11	gi|6381999|ref|NP_009311.2|	187	31	LLKPKEFDLTLNPWLTGFNDADGYFYTGFQK
3645.56	gi|6381999|ref|NP_009311.2|	304	31	LNKLHMLTNSLLMLKELMLLQSVKNMSLEMK
3744.28	gi|6381999|ref|NP_009311.2|	46	31	DIKNLYESIMNNYINILNKYTININKDNINK
3761.42	gi|6381999|ref|NP_009311.2|	226	31	FHLELSQKDSYILDIIKKYFKTGGILKRDYK
3817.57	gi|6381999|ref|NP_009311.2|	140	31	ELTAVKWNIMKKKEQEVFMNYINGKLLTYKR
4020.72	gi|6381999|ref|NP_009311.2|	146	31	WNIMKKKEQEVFMNYINGKLLTYKRYDQYFK
4028.56	gi|6381999|ref|NP_009311.2|	152	31	KEQEVFMNYINGKLLTYKRYDQYFKYNFNNR
3365.98	gi|16127996|ref|NP_414543.1|	384	32	EGLLEPLAVTERLAIISVVGDGMRTLRGISAK
3380.97	gi|16127996|ref|NP_414543.1|	173	32	RIAASRIPADHMVLMAGFTAGNEKGELVVLGR
3412.99	gi|16127996|ref|NP_414543.1|	454	32	VTHQMLFNTDQVIEVFVIGVGGVGGALLEQLK
3519.96	gi|16127996|ref|NP_414543.1|	142	32	GHNVTVIDPVEKLLAVGHYLESTVDIAESTRR
3676.16	gi|6381999|ref|NP_009311.2|	257	32	SGATAYIYKAQSSKAMKPFIEYFNNYQPLSTR
3715.40	gi|6381999|ref|NP_009311.2|	14	32	VFMETLYYYLMFNFQLMSPFGVPVPGPAPETK
3733.37	gi|6381999|ref|NP_009311.2|	234	32	DSYILDIIKKYFKTGGILKRDYKSGATAYIYK
4156.73	gi|6381999|ref|NP_009311.2|	151	32	KKEQEVFMNYINGKLLTYKRYDQYFKYNFNNR
3569.18	gi|16127996|ref|NP_414543.1|	454	33	VTHQMLFNTDQVIEVFVIGVGGVGGALLEQLKR
3577.18	gi|16127996|ref|NP_414543.1|	70	33	IFAELLTGLAAAQPGFPLAQLKTFVDQEFAQIK
3832.35	gi|6381999|ref|NP_009311.2|	257	33	SGATAYIYKAQSSKAMKPFIEYFNNYQPLSTRR
3905.42	gi|6381999|ref|NP_009311.2|	187	33	LLKPKEFDLTLNPWLTGFNDADGYFYTGFQKHK
3955.66	gi|6381999|ref|NP_009311.2|	220	33	NSQWLKFHLELSQKDSYILDIIKKYFKTGGILK
3985.61	gi|6381999|ref|NP_009311.2|	46	33	DIKNLYESIMNNYINILNKYTININKDNINKLK
4113.88	gi|6381999|ref|NP_009311.2|	271	33	AMKPFIEYFNNYQPLSTRRYKQYLLLNIAYLLK
3492.18	gi|16127996|ref|NP_414543.1|	308	34	GISNLNNMAMFSVSGPGMKGMVGMAARVFAAMSR
3589.17	gi|16127996|ref|NP_414543.1|	20	34	VADILESNARQGQVATVLSAPAKITNHLVAMIEK
3852.38	gi|16127996|ref|NP_414543.1|	92	34	TFVDQEFAQIKHVLHGISLLGQCPDSINAALICR
3882.12	gi|16127996|ref|NP_414543.1|	205	34	NGSDYSAAVLAACLRADCCEIWTDVDGVYTCDPR
4020.38	gi|6381999|ref|NP_009311.2|	72	34	DNINKLKFLDNYTEEEKGYYLSGLFEGDGNIYTR
4030.89	gi|6381999|ref|NP_009311.2|	307	34	LHMLTNSLLMLKELMLLQSVKNMSLEMKNELNNR
4082.50	gi|6381999|ref|NP_009311.2|	192	34	EFDLTLNPWLTGFNDADGYFYTGFQKHKNSQWLK
4092.68	gi|6381999|ref|NP_009311.2|	106	34	CFSITFSLEDVLLANYLCTYFKIGHITAKYNFNK
4111.84	gi|6381999|ref|NP_009311.2|	220	34	NSQWLKFHLELSQKDSYILDIIKKYFKTGGILKR
4368.98	gi|6381999|ref|NP_009311.2|	153	34	EQEVFMNYINGKLLTYKRYDQYFKYNFNNRLNIK
3655.25	gi|16127996|ref|NP_414543.1|	300	35	DEDELPVKGISNLNNMAMFSVSGPGMKGMVGMAAR
3921.58	gi|16127996|ref|NP_414543.1|	373	35	AMQEEFYLELKEGLLEPLAVTERLAIISVVGDGMR
3952.47	gi|16127996|ref|NP_414543.1|	335	35	VFAAMSRARISVVLITQSSSEYSISFCVPQSDCVR
4071.82	gi|6381999|ref|NP_009311.2|	14	35	VFMETLYYYLMFNFQLMSPFGVPVPGPAPETKDIK
4082.60	gi|6381999|ref|NP_009311.2|	254	35	DYKSGATAYIYKAQSSKAMKPFIEYFNNYQPLSTR
4108.71	gi|6381999|ref|NP_009311.2|	183	35	LNIKLLKPKEFDLTLNPWLTGFNDADGYFYTGFQK
4123.70	gi|6381999|ref|NP_009311.2|	257	35	SGATAYIYKAQSSKAMKPFIEYFNNYQPLSTRRYK
4220.97	gi|6381999|ref|NP_009311.2|	218	35	HKNSQWLKFHLELSQKDSYILDIIKKYFKTGGILK
4328.11	gi|6381999|ref|NP_009311.2|	135	35	YNFNKELTAVKWNIMKKKEQEVFMNYINGKLLTYK
4497.15	gi|6381999|ref|NP_009311.2|	152	35	KEQEVFMNYINGKLLTYKRYDQYFKYNFNNRLNIK
3719.45	gi|16127996|ref|NP_414543.1|	308	36	GISNLNNMAMFSVSGPGMKGMVGMAARVFAAMSRAR
3881.52	gi|16127996|ref|NP_414543.1|	264	36	VLHPRTITPIAQFQIPCLIKNTGNPQAPGTLIGASR
4169.90	gi|16127996|ref|NP_414543.1|	248	36	SMSYQEAMELSYFGAKVLHPRTITPIAQFQIPCLIK
4238.79	gi|6381999|ref|NP_009311.2|	254	36	DYKSGATAYIYKAQSSKAMKPFIEYFNNYQPLSTRR
4238.79	gi|6381999|ref|NP_009311.2|	253	36	RDYKSGATAYIYKAQSSKAMKPFIEYFNNYQPLSTR
4258.20	gi|6381999|ref|NP_009311.2|	307	36	LHMLTNSLLMLKELMLLQSVKNMSLEMKNELNNRVK
4258.33	gi|6381999|ref|NP_009311.2|	292	36	QYLLLNIAYLLKLNKLHMLTNSLLMLKELMLLQSVK
4316.07	gi|6381999|ref|NP_009311.2|	319	36	ELMLLQSVKNMSLEMKNELNNRVKIIINKTHYNNIE
4377.16	gi|6381999|ref|NP_009311.2|	218	36	HKNSQWLKFHLELSQKDSYILDIIKKYFKTGGILKR
4469.31	gi|6381999|ref|NP_009311.2|	271	36	AMKPFIEYFNNYQPLSTRRYKQYLLLNIAYLLKLNK
4484.30	gi|6381999|ref|NP_009311.2|	135	36	YNFNKELTAVKWNIMKKKEQEVFMNYINGKLLTYKR
4625.33	gi|6381999|ref|NP_009311.2|	151	36	KKEQEVFMNYINGKLLTYKRYDQYFKYNFNNRLNIK
3845.33	gi|16127996|ref|NP_414543.1|	6	37	FGGTSVANAERFLRVADILESNARQGQVATVLSAPAK
4005.69	gi|16127996|ref|NP_414543.1|	17	37	FLRVADILESNARQGQVATVLSAPAKITNHLVAMIEK
4018.54	gi|16127996|ref|NP_414543.1|	142	37	GHNVTVIDPVEKLLAVGHYLESTVDIAESTRRIAASR
4098.73	gi|16127996|ref|NP_414543.1|	454	37	VTHQMLFNTDQVIEVFVIGVGGVGGALLEQLKRQQSW
4166.72	gi|16127996|ref|NP_414543.1|	92	37	TFVDQEFAQIKHVLHGISLLGQCPDSINAALICRGEK
4234.91	gi|6381999|ref|NP_009311.2|	234	37	DSYILDIIKKYFKTGGILKRDYKSGATAYIYKAQSSK
4374.02	gi|6381999|ref|NP_009311.2|	183	37	LNIKLLKPKEFDLTLNPWLTGFNDADGYFYTGFQKHK
4386.33	gi|6381999|ref|NP_009311.2|	304	37	LNKLHMLTNSLLMLKELMLLQSVKNMSLEMKNELNNR
4394.97	gi|6381999|ref|NP_009311.2|	253	37	RDYKSGATAYIYKAQSSKAMKPFIEYFNNYQPLSTRR
4430.21	gi|6381999|ref|NP_009311.2|	128	37	IGHITAKYNFNKELTAVKWNIMKKKEQEVFMNYINGK
4518.28	gi|6381999|ref|NP_009311.2|	220	37	NSQWLKFHLELSQKDSYILDIIKKYFKTGGILKRDYK
4662.49	gi|6381999|ref|NP_009311.2|	140	37	ELTAVKWNIMKKKEQEVFMNYINGKLLTYKRYDQYFK
4829.57	gi|6381999|ref|NP_009311.2|	146	37	WNIMKKKEQEVFMNYINGKLLTYKRYDQYFKYNFNNR
3938.49	gi|16127996|ref|NP_414543.1|	54	38	TISGQDALPNISDAERIFAELLTGLAAAQPGFPLAQLK
3948.41	gi|16127996|ref|NP_414543.1|	416	38	FFAALARANINIVAIAQGSSERSISVVVNNDDATTGVR
4277.96	gi|16127996|ref|NP_414543.1|	370	38	AERAMQEEFYLELKEGLLEPLAVTERLAIISVVGDGMR
4292.03	gi|16127996|ref|NP_414543.1|	373	38	AMQEEFYLELKEGLLEPLAVTERLAIISVVGDGMRTLR
4308.85	gi|16127996|ref|NP_414543.1|	335	38	VFAAMSRARISVVLITQSSSEYSISFCVPQSDCVRAER
4530.14	gi|6381999|ref|NP_009311.2|	254	38	DYKSGATAYIYKAQSSKAMKPFIEYFNNYQPLSTRRYK
4549.69	gi|6381999|ref|NP_009311.2|	290	38	YKQYLLLNIAYLLKLNKLHMLTNSLLMLKELMLLQSVK
4615.42	gi|6381999|ref|NP_009311.2|	266	38	AQSSKAMKPFIEYFNNYQPLSTRRYKQYLLLNIAYLLK
4142.92	gi|16127996|ref|NP_414543.1|	384	39	EGLLEPLAVTERLAIISVVGDGMRTLRGISAKFFAALAR
4202.92	gi|16127996|ref|NP_414543.1|	103	39	HVLHGISLLGQCPDSINAALICRGEKMSIAIMAGVLEAR
4204.78	gi|16127996|ref|NP_414543.1|	269	39	TITPIAQFQIPCLIKNTGNPQAPGTLIGASRDEDELPVK
4524.39	gi|16127996|ref|NP_414543.1|	245	39	LLKSMSYQEAMELSYFGAKVLHPRTITPIAQFQIPCLIK
4612.14	gi|6381999|ref|NP_009311.2|	89	39	GYYLSGLFEGDGNIYTRCFSITFSLEDVLLANYLCTYFK
4613.64	gi|6381999|ref|NP_009311.2|	304	39	LNKLHMLTNSLLMLKELMLLQSVKNMSLEMKNELNNRVK
4662.28	gi|6381999|ref|NP_009311.2|	187	39	LLKPKEFDLTLNPWLTGFNDADGYFYTGFQKHKNSQWLK
4686.32	gi|6381999|ref|NP_009311.2|	253	39	RDYKSGATAYIYKAQSSKAMKPFIEYFNNYQPLSTRRYK
4705.87	gi|6381999|ref|NP_009311.2|	289	39	RYKQYLLLNIAYLLKLNKLHMLTNSLLMLKELMLLQSVK
4783.60	gi|6381999|ref|NP_009311.2|	218	39	HKNSQWLKFHLELSQKDSYILDIIKKYFKTGGILKRDYK
4948.76	gi|6381999|ref|NP_009311.2|	153	39	EQEVFMNYINGKLLTYKRYDQYFKYNFNNRLNIKLLKPK
4185.80	gi|16127996|ref|NP_414543.1|	3	40	VLKFGGTSVANAERFLRVADILESNARQGQVATVLSAPAK
4188.77	gi|16127996|ref|NP_414543.1|	30	40	QGQVATVLSAPAKITNHLVAMIEKTISGQDALPNISDAER
4548.85	gi|16127996|ref|NP_414543.1|	205	40	NGSDYSAAVLAACLRADCCEIWTDVDGVYTCDPRQVPDAR
4701.25	gi|16127996|ref|NP_414543.1|	344	40	ISVVLITQSSSEYSISFCVPQSDCVRAERAMQEEFYLELK
4716.50	gi|6381999|ref|NP_009311.2|	226	40	FHLELSQKDSYILDIIKKYFKTGGILKRDYKSGATAYIYK
4734.44	gi|6381999|ref|NP_009311.2|	106	40	CFSITFSLEDVLLANYLCTYFKIGHITAKYNFNKELTAVK
4898.52	gi|6381999|ref|NP_009311.2|	49	40	NLYESIMNNYINILNKYTININKDNINKLKFLDNYTEEEK
5075.23	gi|6382000|ref|NP_009314.2|	1	40	MFMMNNNMFIMFMIMYNVMRVNITRCSRVMFTTFYMITNK
5076.94	gi|6381999|ref|NP_009311.2|	152	40	KEQEVFMNYINGKLLTYKRYDQYFKYNFNNRLNIKLLKPK
4275.90	gi|16127996|ref|NP_414543.1|	179	41	IPADHMVLMAGFTAGNEKGELVVLGRNGSDYSAAVLAACLR
4648.41	gi|16127996|ref|NP_414543.1|	370	41	AERAMQEEFYLELKEGLLEPLAVTERLAIISVVGDGMRTLR
4839.95	gi|6381999|ref|NP_009311.2|	307	41	LHMLTNSLLMLKELMLLQSVKNMSLEMKNELNNRVKIIINK
4867.36	gi|6381999|ref|NP_009311.2|	65	41	YTININKDNINKLKFLDNYTEEEKGYYLSGLFEGDGNIYTR
4917.56	gi|6381999|ref|NP_009311.2|	177	41	YNFNNRLNIKLLKPKEFDLTLNPWLTGFNDADGYFYTGFQK
4970.85	gi|6381999|ref|NP_009311.2|	266	41	AQSSKAMKPFIEYFNNYQPLSTRRYKQYLLLNIAYLLKLNK
5205.11	gi|6381999|ref|NP_009311.2|	151	41	KKEQEVFMNYINGKLLTYKRYDQYFKYNFNNRLNIKLLKPK
5298.17	gi|6381999|ref|NP_009311.2|	146	41	WNIMKKKEQEVFMNYINGKLLTYKRYDQYFKYNFNNRLNIK
4359.12	gi|16127996|ref|NP_414543.1|	396	42	LAIISVVGDGMRTLRGISAKFFAALARANINIVAIAQGSSER
4418.18	gi|16127996|ref|NP_414543.1|	300	42	DEDELPVKGISNLNNMAMFSVSGPGMKGMVGMAARVFAAMSR
4473.18	gi|16127996|ref|NP_414543.1|	1	42	MRVLKFGGTSVANAERFLRVADILESNARQGQVATVLSAPAK
4706.11	gi|16127996|ref|NP_414543.1|	197	42	GELVVLGRNGSDYSAAVLAACLRADCCEIWTDVDGVYTCDPR
4808.49	gi|6381999|ref|NP_009311.2|	247	42	TGGILKRDYKSGATAYIYKAQSSKAMKPFIEYFNNYQPLSTR
4928.52	gi|16127996|ref|NP_414543.1|	342	42	ARISVVLITQSSSEYSISFCVPQSDCVRAERAMQEEFYLELK
5048.98	gi|6381999|ref|NP_009311.2|	128	42	IGHITAKYNFNKELTAVKWNIMKKKEQEVFMNYINGKLLTYK
5065.63	gi|6381999|ref|NP_009311.2|	192	42	EFDLTLNPWLTGFNDADGYFYTGFQKHKNSQWLKFHLELSQK
5329.22	gi|6381999|ref|NP_009311.2|	135	42	YNFNKELTAVKWNIMKKKEQEVFMNYINGKLLTYKRYDQYFK
4404.95	gi|16127996|ref|NP_414543.1|	411	43	GISAKFFAALARANINIVAIAQGSSERSISVVVNNDDATTGVR
4416.96	gi|16127996|ref|NP_414543.1|	284	43	NTGNPQAPGTLIGASRDEDELPVKGISNLNNMAMFSVSGPGMK
4613.29	gi|16127996|ref|NP_414543.1|	154	43	LLAVGHYLESTVDIAESTRRIAASRIPADHMVLMAGFTAGNEK
4726.44	gi|16127996|ref|NP_414543.1|	327	43	GMVGMAARVFAAMSRARISVVLITQSSSEYSISFCVPQSDCVR
4748.57	gi|16127996|ref|NP_414543.1|	373	43	AMQEEFYLELKEGLLEPLAVTERLAIISVVGDGMRTLRGISAK
4903.34	gi|16127996|ref|NP_414543.1|	205	43	NGSDYSAAVLAACLRADCCEIWTDVDGVYTCDPRQVPDARLLK
4964.68	gi|6381999|ref|NP_009311.2|	247	43	TGGILKRDYKSGATAYIYKAQSSKAMKPFIEYFNNYQPLSTRR
5092.35	gi|6381999|ref|NP_009311.2|	292	43	QYLLLNIAYLLKLNKLHMLTNSLLMLKELMLLQSVKNMSLEMK
5130.88	gi|6381999|ref|NP_009311.2|	183	43	LNIKLLKPKEFDLTLNPWLTGFNDADGYFYTGFQKHKNSQWLK
5182.87	gi|6381999|ref|NP_009311.2|	177	43	YNFNNRLNIKLLKPKEFDLTLNPWLTGFNDADGYFYTGFQKHK
5205.17	gi|6381999|ref|NP_009311.2|	128	43	IGHITAKYNFNKELTAVKWNIMKKKEQEVFMNYINGKLLTYKR
5254.94	gi|6381999|ref|NP_009311.2|	46	43	DIKNLYESIMNNYINILNKYTININKDNINKLKFLDNYTEEEK
5471.34	gi|6381999|ref|NP_009311.2|	140	43	ELTAVKWNIMKKKEQEVFMNYINGKLLTYKRYDQYFKYNFNNR
4645.44	gi|16127996|ref|NP_414543.1|	300	44	DEDELPVKGISNLNNMAMFSVSGPGMKGMVGMAARVFAAMSRAR
4707.44	gi|16127996|ref|NP_414543.1|	129	44	MSIAIMAGVLEARGHNVTVIDPVEKLLAVGHYLESTVDIAESTR
4807.52	gi|16127996|ref|NP_414543.1|	264	44	VLHPRTITPIAQFQIPCLIKNTGNPQAPGTLIGASRDEDELPVK
5177.71	gi|16127996|ref|NP_414543.1|	220	44	ADCCEIWTDVDGVYTCDPRQVPDARLLKSMSYQEAMELSYFGAK
5195.39	gi|6381999|ref|NP_009311.2|	304	44	LNKLHMLTNSLLMLKELMLLQSVKNMSLEMKNELNNRVKIIINK
4863.63	gi|16127996|ref|NP_414543.1|	129	45	MSIAIMAGVLEARGHNVTVIDPVEKLLAVGHYLESTVDIAESTRR
5191.13	gi|16127996|ref|NP_414543.1|	239	45	QVPDARLLKSMSYQEAMELSYFGAKVLHPRTITPIAQFQIPCLIK
5218.04	gi|6381999|ref|NP_009311.2|	226	45	FHLELSQKDSYILDIIKKYFKTGGILKRDYKSGATAYIYKAQSSK
5247.02	gi|6381999|ref|NP_009311.2|	244	45	YFKTGGILKRDYKSGATAYIYKAQSSKAMKPFIEYFNNYQPLSTR
5256.03	gi|6381999|ref|NP_009311.2|	247	45	TGGILKRDYKSGATAYIYKAQSSKAMKPFIEYFNNYQPLSTRRYK
5263.45	gi|6381999|ref|NP_009311.2|	1	45	MLMLLMMILTNNKVFMETLYYYLMFNFQLMSPFGVPVPGPAPETK
5383.70	gi|6381999|ref|NP_009311.2|	290	45	YKQYLLLNIAYLLKLNKLHMLTNSLLMLKELMLLQSVKNMSLEMK
5407.29	gi|6381999|ref|NP_009311.2|	106	45	CFSITFSLEDVLLANYLCTYFKIGHITAKYNFNKELTAVKWNIMK
4774.48	gi|16127996|ref|NP_414543.1|	174	46	IAASRIPADHMVLMAGFTAGNEKGELVVLGRNGSDYSAAVLAACLR
4775.40	gi|16127996|ref|NP_414543.1|	408	46	TLRGISAKFFAALARANINIVAIAQGSSERSISVVVNNDDATTGVR
5082.82	gi|16127996|ref|NP_414543.1|	327	46	GMVGMAARVFAAMSRARISVVLITQSSSEYSISFCVPQSDCVRAER
5104.96	gi|16127996|ref|NP_414543.1|	370	46	AERAMQEEFYLELKEGLLEPLAVTERLAIISVVGDGMRTLRGISAK
5333.01	gi|6381999|ref|NP_009311.2|	89	46	GYYLSGLFEGDGNIYTRCFSITFSLEDVLLANYLCTYFKIGHITAK
5375.19	gi|6381999|ref|NP_009311.2|	243	46	KYFKTGGILKRDYKSGATAYIYKAQSSKAMKPFIEYFNNYQPLSTR
5403.20	gi|6381999|ref|NP_009311.2|	244	46	YFKTGGILKRDYKSGATAYIYKAQSSKAMKPFIEYFNNYQPLSTRR
5473.36	gi|6381999|ref|NP_009311.2|	220	46	NSQWLKFHLELSQKDSYILDIIKKYFKTGGILKRDYKSGATAYIYK
5535.46	gi|6381999|ref|NP_009311.2|	106	46	CFSITFSLEDVLLANYLCTYFKIGHITAKYNFNKELTAVKWNIMKK
5539.89	gi|6381999|ref|NP_009311.2|	289	46	RYKQYLLLNIAYLLKLNKLHMLTNSLLMLKELMLLQSVKNMSLEMK
5877.95	gi|6381999|ref|NP_009311.2|	146	46	WNIMKKKEQEVFMNYINGKLLTYKRYDQYFKYNFNNRLNIKLLKPK
5906.27	gi|6382000|ref|NP_009314.2|	1	46	MFMMNNNMFIMFMIMYNVMRVNITRCSRVMFTTFYMITNKYIYIFM
4930.67	gi|16127996|ref|NP_414543.1|	173	47	RIAASRIPADHMVLMAGFTAGNEKGELVVLGRNGSDYSAAVLAACLR
5021.78	gi|16127996|ref|NP_414543.1|	126	47	GEKMSIAIMAGVLEARGHNVTVIDPVEKLLAVGHYLESTVDIAESTR
5531.38	gi|6381999|ref|NP_009311.2|	243	47	KYFKTGGILKRDYKSGATAYIYKAQSSKAMKPFIEYFNNYQPLSTRR
5570.49	gi|6381999|ref|NP_009311.2|	257	47	SGATAYIYKAQSSKAMKPFIEYFNNYQPLSTRRYKQYLLLNIAYLLK
5645.42	gi|6381999|ref|NP_009311.2|	187	47	LLKPKEFDLTLNPWLTGFNDADGYFYTGFQKHKNSQWLKFHLELSQK
5663.64	gi|6381999|ref|NP_009311.2|	106	47	CFSITFSLEDVLLANYLCTYFKIGHITAKYNFNKELTAVKWNIMKKK
5762.48	gi|6381999|ref|NP_009311.2|	171	47	YDQYFKYNFNNRLNIKLLKPKEFDLTLNPWLTGFNDADGYFYTGFQK
5939.94	gi|6381999|ref|NP_009311.2|	140	47	ELTAVKWNIMKKKEQEVFMNYINGKLLTYKRYDQYFKYNFNNRLNIK
5041.75	gi|16127996|ref|NP_414543.1|	438	48	SISVVVNNDDATTGVRVTHQMLFNTDQVIEVFVIGVGGVGGALLEQLK
5095.85	gi|16127996|ref|NP_414543.1|	6	48	FGGTSVANAERFLRVADILESNARQGQVATVLSAPAKITNHLVAMIEK
5177.97	gi|16127996|ref|NP_414543.1|	126	48	GEKMSIAIMAGVLEARGHNVTVIDPVEKLLAVGHYLESTVDIAESTRR
5372.84	gi|16127996|ref|NP_414543.1|	197	48	GELVVLGRNGSDYSAAVLAACLRADCCEIWTDVDGVYTCDPRQVPDAR
5619.87	gi|6381999|ref|NP_009311.2|	1	48	MLMLLMMILTNNKVFMETLYYYLMFNFQLMSPFGVPVPGPAPETKDIK
5694.55	gi|6381999|ref|NP_009311.2|	244	48	YFKTGGILKRDYKSGATAYIYKAQSSKAMKPFIEYFNNYQPLSTRRYK
5711.86	gi|6381999|ref|NP_009311.2|	307	48	LHMLTNSLLMLKELMLLQSVKNMSLEMKNELNNRVKIIINKTHYNNIE
5738.68	gi|6381999|ref|NP_009311.2|	218	48	HKNSQWLKFHLELSQKDSYILDIIKKYFKTGGILKRDYKSGATAYIYK
5865.10	gi|6381999|ref|NP_009311.2|	271	48	AMKPFIEYFNNYQPLSTRRYKQYLLLNIAYLLKLNKLHMLTNSLLMLK
5918.67	gi|6381999|ref|NP_009311.2|	170	48	RYDQYFKYNFNNRLNIKLLKPKEFDLTLNPWLTGFNDADGYFYTGFQK
6138.07	gi|6381999|ref|NP_009311.2|	135	48	YNFNKELTAVKWNIMKKKEQEVFMNYINGKLLTYKRYDQYFKYNFNNR
5189.01	gi|16127996|ref|NP_414543.1|	43	49	ITNHLVAMIEKTISGQDALPNISDAERIFAELLTGLAAAQPGFPLAQLK
5197.94	gi|16127996|ref|NP_414543.1|	438	49	SISVVVNNDDATTGVRVTHQMLFNTDQVIEVFVIGVGGVGGALLEQLKR
5245.96	gi|16127996|ref|NP_414543.1|	54	49	TISGQDALPNISDAERIFAELLTGLAAAQPGFPLAQLKTFVDQEFAQIK
5691.45	gi|16127996|ref|NP_414543.1|	335	49	VFAAMSRARISVVLITQSSSEYSISFCVPQSDCVRAERAMQEEFYLELK
5780.44	gi|16127996|ref|NP_414543.1|	220	49	ADCCEIWTDVDGVYTCDPRQVPDARLLKSMSYQEAMELSYFGAKVLHPR
5822.73	gi|6381999|ref|NP_009311.2|	243	49	KYFKTGGILKRDYKSGATAYIYKAQSSKAMKPFIEYFNNYQPLSTRRYK
5833.12	gi|6381999|ref|NP_009311.2|	292	49	QYLLLNIAYLLKLNKLHMLTNSLLMLKELMLLQSVKNMSLEMKNELNNR
5881.47	gi|6381999|ref|NP_009311.2|	79	49	FLDNYTEEEKGYYLSGLFEGDGNIYTRCFSITFSLEDVLLANYLCTYFK
5939.73	gi|6381999|ref|NP_009311.2|	177	49	YNFNNRLNIKLLKPKEFDLTLNPWLTGFNDADGYFYTGFQKHKNSQWLK
6027.79	gi|6381999|ref|NP_009311.2|	171	49	YDQYFKYNFNNRLNIKLLKPKEFDLTLNPWLTGFNDADGYFYTGFQKHK
6050.09	gi|6381999|ref|NP_009311.2|	128	49	IGHITAKYNFNKELTAVKWNIMKKKEQEVFMNYINGKLLTYKRYDQYFK
5257.95	gi|16127996|ref|NP_414543.1|	20	50	VADILESNARQGQVATVLSAPAKITNHLVAMIEKTISGQDALPNISDAER
5362.21	gi|16127996|ref|NP_414543.1|	129	50	MSIAIMAGVLEARGHNVTVIDPVEKLLAVGHYLESTVDIAESTRRIAASR
5510.39	gi|16127996|ref|NP_414543.1|	92	50	TFVDQEFAQIKHVLHGISLLGQCPDSINAALICRGEKMSIAIMAGVLEAR
5525.51	gi|16127996|ref|NP_414543.1|	373	50	AMQEEFYLELKEGLLEPLAVTERLAIISVVGDGMRTLRGISAKFFAALAR
5925.93	gi|6381999|ref|NP_009311.2|	257	50	SGATAYIYKAQSSKAMKPFIEYFNNYQPLSTRRYKQYLLLNIAYLLKLNK
5976.93	gi|6381999|ref|NP_009311.2|	254	50	DYKSGATAYIYKAQSSKAMKPFIEYFNNYQPLSTRRYKQYLLLNIAYLLK
6183.98	gi|6381999|ref|NP_009311.2|	170	50	RYDQYFKYNFNNRLNIKLLKPKEFDLTLNPWLTGFNDADGYFYTGFQKHK
