# PROTEIN DATABASE: test.fasta
# OPTIONS:
#	min-mass: 200.00
#	max-mass: 7200.00
#	min-length: 6
#	max-length: 50
#	enzyme: trypsin
#	digestion: full-digest
#	allow missed-cleavages: FALSE
#	sort: none
#	isotopic mass type: average
#	verbosity: 30
#	use index: FALSE
1722.91	gi|16127995|ref|NP_414542.1|	4	18
1108.18	gi|16127996|ref|NP_414543.1|	6	11
1087.20	gi|16127996|ref|NP_414543.1|	20	10
1269.46	gi|16127996|ref|NP_414543.1|	30	13
1268.54	gi|16127996|ref|NP_414543.1|	43	11
1686.80	gi|16127996|ref|NP_414543.1|	54	16
2269.71	gi|16127996|ref|NP_414543.1|	70	22
1325.48	gi|16127996|ref|NP_414543.1|	92	11
2544.91	gi|16127996|ref|NP_414543.1|	103	23
1361.68	gi|16127996|ref|NP_414543.1|	129	13
1307.47	gi|16127996|ref|NP_414543.1|	142	12
2074.32	gi|16127996|ref|NP_414543.1|	154	19
1902.21	gi|16127996|ref|NP_414543.1|	179	18
842.01	gi|16127996|ref|NP_414543.1|	197	8
1567.71	gi|16127996|ref|NP_414543.1|	205	15
2332.42	gi|16127996|ref|NP_414543.1|	220	19
684.75	gi|16127996|ref|NP_414543.1|	239	6
1842.07	gi|16127996|ref|NP_414543.1|	248	16
1743.11	gi|16127996|ref|NP_414543.1|	269	15
1553.69	gi|16127996|ref|NP_414543.1|	284	16
944.01	gi|16127996|ref|NP_414543.1|	300	8
1955.29	gi|16127996|ref|NP_414543.1|	308	19
791.98	gi|16127996|ref|NP_414543.1|	327	8
780.94	gi|16127996|ref|NP_414543.1|	335	7
2962.28	gi|16127996|ref|NP_414543.1|	344	26
1400.61	gi|16127996|ref|NP_414543.1|	373	11
1326.51	gi|16127996|ref|NP_414543.1|	384	12
1230.49	gi|16127996|ref|NP_414543.1|	396	12
794.95	gi|16127996|ref|NP_414543.1|	416	7
1542.71	gi|16127996|ref|NP_414543.1|	423	15
1646.77	gi|16127996|ref|NP_414543.1|	438	16
3412.99	gi|16127996|ref|NP_414543.1|	454	32
1566.07	gi|6381999|ref|NP_009311.2|	1	13
3715.40	gi|6381999|ref|NP_009311.2|	14	32
1956.24	gi|6381999|ref|NP_009311.2|	49	16
865.00	gi|6381999|ref|NP_009311.2|	65	7
1287.35	gi|6381999|ref|NP_009311.2|	79	10
1925.08	gi|6381999|ref|NP_009311.2|	89	17
2705.07	gi|6381999|ref|NP_009311.2|	106	22
738.89	gi|6381999|ref|NP_009311.2|	128	7
659.78	gi|6381999|ref|NP_009311.2|	140	6
1471.65	gi|6381999|ref|NP_009311.2|	153	12
862.94	gi|6381999|ref|NP_009311.2|	171	6
826.87	gi|6381999|ref|NP_009311.2|	177	6
3060.33	gi|6381999|ref|NP_009311.2|	192	26
774.87	gi|6381999|ref|NP_009311.2|	220	6
1001.15	gi|6381999|ref|NP_009311.2|	226	8
1079.26	gi|6381999|ref|NP_009311.2|	234	9
587.72	gi|6381999|ref|NP_009311.2|	247	6
973.09	gi|6381999|ref|NP_009311.2|	257	9
2219.54	gi|6381999|ref|NP_009311.2|	271	18
1464.81	gi|6381999|ref|NP_009311.2|	292	12
1413.80	gi|6381999|ref|NP_009311.2|	307	12
1060.32	gi|6381999|ref|NP_009311.2|	319	9
852.03	gi|6381999|ref|NP_009311.2|	328	7
758.79	gi|6381999|ref|NP_009311.2|	335	6
889.92	gi|6381999|ref|NP_009311.2|	348	7
2610.32	gi|6382000|ref|NP_009314.2|	1	20
1495.81	gi|6382000|ref|NP_009314.2|	29	12
849.06	gi|6382000|ref|NP_009314.2|	41	6
