ADCCEIWTDVDGVYTCDPR
AMKPFIEYFNNYQPLSTR
AMQEEFYLELK
ANINIVAIAQGSSER
CFSITFSLEDVLLANYLCTYFK
DEDELPVK
DSYILDIIK
EFDLTLNPWLTGFNDADGYFYTGFQK
EGLLEPLAVTER
ELMLLQSVK
ELTAVK
EQEVFMNYINGK
FFAALAR
FGGTSVANAER
FHLELSQK
FLDNYTEEEK
GELVVLGR
GHNVTVIDPVEK
GISNLNNMAMFSVSGPGMK
GMVGMAAR
GYYLSGLFEGDGNIYTR
HVLHGISLLGQCPDSINAALICR
IFAELLTGLAAAQPGFPLAQLK
IGHITAK
IPADHMVLMAGFTAGNEK
ISTTITTTITITTGNGAG
ISVVLITQSSSEYSISFCVPQSDCVR
ITNHLVAMIEK
LAIISVVGDGMR
LHMLTNSLLMLK
LLAVGHYLESTVDIAESTR
MFMMNNNMFIMFMIMYNVMR
MLMLLMMILTNNK
MSIAIMAGVLEAR
NELNNR
NGSDYSAAVLAACLR
NLYESIMNNYINILNK
NMSLEMK
NSQWLK
NTGNPQAPGTLIGASR
QGQVATVLSAPAK
QVPDAR
QYLLLNIAYLLK
SGATAYIYK
SISVVVNNDDATTGVR
SMSYQEAMELSYFGAK
TFVDQEFAQIK
TGGILK
THYNNIE
TISGQDALPNISDAER
TITPIAQFQIPCLIK
VADILESNAR
VFAAMSR
VFMETLYYYLMFNFQLMSPFGVPVPGPAPETK
VMFTTFYMITNK
VTHQMLFNTDQVIEVFVIGVGGVGGALLEQLK
YDQYFK
YIYIFM
YNFNNR
YTININK
